// Jest Snapshot v1, https://goo.gl/fbAQLP

exports[`<TextField /> rendered correctly with Description fixture 1`] = `
<TextField
  description="Optional descriptive label"
  disabled={false}
  id="demo"
  inline={false}
  isValid={true}
  label="First Name"
  marker={false}
  name="demo"
  onBlur={[Function]}
  onChange={[Function]}
  onFocus={[Function]}
  value=""
>
  <div
    className="outer"
  >
    <div
      className="block"
    >
      <label
        className="label"
        htmlFor="demo"
      >
        First Name
      </label>
      <input
        className="input"
        disabled={false}
        id="demo"
        name="demo"
        onBlur={[Function]}
        onChange={[Function]}
        onFocus={[Function]}
        value=""
      />
    </div>
    <label
      className="description"
      htmlFor="demo"
    >
      Optional descriptive label
    </label>
  </div>
</TextField>
`;
