// Jest Snapshot v1, https://goo.gl/fbAQLP

exports[`<Notification type="warning" /> rendered correctly with fixture 1`] = `
<Notification
  canClose={false}
  closed={false}
  onClose={[Function]}
  type="warning"
>
  <div
    className="notification warning"
  >
    <Alert
      className="icon warning"
      fill="currentColor"
      height={32}
      width={32}
    >
      <svg
        className="icon warning"
        fill="currentColor"
        height={32}
        viewBox="0 0 20 20"
        width={32}
      >
        <path
          d="M10.882 3.654l6.334 11.875A1 1 0 0 1 16.333 17H3.667a1 1 0 0 1-.883-1.47L9.118 3.653a1 1 0 0 1 1.764 0zM9.25 8v2.5a.75.75 0 0 0 1.5 0V8a.75.75 0 0 0-1.5 0zm.75 7a1 1 0 1 0 0-2 1 1 0 0 0 0 2z"
        />
      </svg>
    </Alert>
    <div
      className="message"
    >
      Warning text. Quis autem vel eum iure reprehenderit qui in ea voluptate velit esse quam nihil molestiae consequatur.
    </div>
  </div>
</Notification>
`;
