// Jest Snapshot v1, https://goo.gl/fbAQLP

exports[`<SingleSelect /> rendered correctly with disabled fixture 1`] = `
<SingleSelect
  disabled={true}
  error=""
  id="demo"
  inline={false}
  name="demo"
  onBeforeOpen={[Function]}
  onChange={[Function]}
  onClose={[Function]}
  options={
    Array [
      Object {
        "label": "Option 1",
        "value": "1",
      },
      Object {
        "label": "Option 2",
        "value": "2",
      },
      Object {
        "label": "Option 3",
        "value": "3",
      },
    ]
  }
  placeholder="Select from the list"
  value={null}
>
  <div
    className="outer"
  >
    <div
      className="relative"
    >
      <div
        className="container disabled"
      >
        <Select
          arrowRenderer={[Function]}
          autosize={true}
          backspaceRemoves={true}
          backspaceToRemoveMessage="Press backspace to remove {label}"
          className="select disabled"
          clearAllText="Clear all"
          clearRenderer={[Function]}
          clearValueText="Clear value"
          clearable={true}
          closeOnSelect={true}
          deleteRemoves={true}
          delimiter=","
          disabled={true}
          escapeClearsValue={true}
          filterOptions={[Function]}
          id="demo"
          ignoreAccents={true}
          ignoreCase={true}
          inputProps={Object {}}
          isLoading={false}
          joinValues={true}
          labelKey="label"
          matchPos="any"
          matchProp="any"
          menuBuffer={0}
          menuRenderer={[Function]}
          multi={false}
          name="demo"
          noResultsText="No results found"
          onBlurResetsInput={true}
          onChange={[Function]}
          onClose={[Function]}
          onCloseResetsInput={true}
          onOpen={[Function]}
          onSelectResetsInput={true}
          openOnClick={true}
          optionComponent={[Function]}
          options={
            Array [
              Object {
                "label": "Option 1",
                "value": "1",
              },
              Object {
                "label": "Option 2",
                "value": "2",
              },
              Object {
                "label": "Option 3",
                "value": "3",
              },
            ]
          }
          pageSize={5}
          placeholder="Select from the list"
          removeSelected={true}
          required={false}
          rtl={false}
          scrollMenuIntoView={true}
          searchable={true}
          simpleValue={false}
          tabSelectsValue={true}
          trimFilter={true}
          value={null}
          valueComponent={[Function]}
          valueKey="value"
          valueRenderer={[Function]}
        >
          <div
            className="Select select disabled is-clearable is-disabled is-searchable Select--single"
          >
            <input
              disabled={true}
              name="demo"
              type="hidden"
              value=""
            />
            <div
              className="Select-control"
              onKeyDown={[Function]}
              onMouseDown={[Function]}
              onTouchEnd={[Function]}
              onTouchMove={[Function]}
              onTouchStart={[Function]}
            >
              <span
                className="Select-multi-value-wrapper"
                id="react-select-2--value"
              >
                <div
                  className="Select-placeholder"
                >
                  Select from the list
                </div>
                <div
                  aria-activedescendant="react-select-2--value"
                  aria-disabled="true"
                  aria-expanded={false}
                  aria-owns=""
                  className="Select-input"
                  onBlur={[Function]}
                  onFocus={[Function]}
                  role="combobox"
                  style={
                    Object {
                      "border": 0,
                      "display": "inline-block",
                      "width": 1,
                    }
                  }
                  tabIndex={0}
                />
              </span>
              <span
                className="Select-arrow-zone"
                onMouseDown={[Function]}
              >
                <span
                  className="Select-arrow"
                  onMouseDown={[Function]}
                />
              </span>
            </div>
          </div>
        </Select>
        <Icon
          className="caret"
          name="DropDown"
        >
          <DropDown
            className="icon caret"
          >
            <svg
              className="icon caret"
              version="1.1"
              viewBox="0 0 24 24"
              xmlns="http://www.w3.org/2000/svg"
            >
              <g
                transform="translate(15.000000, 7.000000) rotate(90.000000)"
              >
                <path
                  d="M2,6.93247919 L2,-0.932479194 C2,-1.20862157 2.22385763,-1.43247919 2.5,-1.43247919 C2.61696825,-1.43247919 2.7302347,-1.39147108 2.8200922,-1.31658983 L7.53906723,2.61588936 C7.75120568,2.7926714 7.77986771,3.10795375 7.60308567,3.3200922 C7.58372606,3.34332373 7.56229876,3.36475103 7.53906723,3.38411064 L2.8200922,7.31658983 C2.60795375,7.49337187 2.2926714,7.46470984 2.11588936,7.25257139 C2.04100811,7.16271389 2,7.04944745 2,6.93247919 Z"
                />
              </g>
            </svg>
          </DropDown>
        </Icon>
      </div>
    </div>
  </div>
</SingleSelect>
`;
