// Jest Snapshot v1, https://goo.gl/fbAQLP

exports[`<SingleSelect /> rendered correctly with label fixture 1`] = `
<SingleSelect
  disabled={false}
  error=""
  id="demo"
  inline={false}
  label="Select from the list"
  name="demo"
  onBeforeOpen={[Function]}
  onChange={[Function]}
  onClose={[Function]}
  options={
    Array [
      Object {
        "label": "Option 1",
        "value": "1",
      },
      Object {
        "label": "Option 2",
        "value": "2",
      },
      Object {
        "label": "Option 3",
        "value": "3",
      },
    ]
  }
  value={null}
>
  <div
    className=""
    onBeforeOpen={[Function]}
    onClose={[Function]}
  >
    <Label
      className="label"
      error={false}
      htmlFor="demo"
      onChange={[Function]}
    >
      <div
        className="label label"
        onChange={[Function]}
      >
        <label
          htmlFor="demo"
        >
          Select from the list
        </label>
      </div>
    </Label>
    <Select
      arrowRenderer={[Function]}
      autosize={true}
      backspaceRemoves={true}
      backspaceToRemoveMessage="Press backspace to remove {label}"
      className="select"
      clearAllText="Clear all"
      clearRenderer={[Function]}
      clearValueText="Clear value"
      clearable={true}
      closeOnSelect={true}
      deleteRemoves={true}
      delimiter=","
      disabled={false}
      escapeClearsValue={true}
      filterOptions={[Function]}
      ignoreAccents={true}
      ignoreCase={true}
      inputProps={Object {}}
      isLoading={false}
      joinValues={false}
      labelKey="label"
      matchPos="any"
      matchProp="any"
      menuBuffer={0}
      menuRenderer={[Function]}
      multi={false}
      noResultsText="No results found"
      onBlurResetsInput={true}
      onChange={[Function]}
      onCloseResetsInput={true}
      onSelectResetsInput={true}
      openOnClick={true}
      optionComponent={[Function]}
      options={
        Array [
          Object {
            "label": "Option 1",
            "value": "1",
          },
          Object {
            "label": "Option 2",
            "value": "2",
          },
          Object {
            "label": "Option 3",
            "value": "3",
          },
        ]
      }
      pageSize={5}
      placeholder="Select..."
      removeSelected={true}
      required={false}
      rtl={false}
      scrollMenuIntoView={true}
      searchable={true}
      simpleValue={false}
      tabSelectsValue={true}
      trimFilter={true}
      valueComponent={[Function]}
      valueKey="value"
    >
      <div
        className="Select select is-clearable is-searchable Select--single"
      >
        <div
          className="Select-control"
          onKeyDown={[Function]}
          onMouseDown={[Function]}
          onTouchEnd={[Function]}
          onTouchMove={[Function]}
          onTouchStart={[Function]}
        >
          <span
            className="Select-multi-value-wrapper"
            id="react-select-2--value"
          >
            <div
              className="Select-placeholder"
            >
              Select...
            </div>
            <AutosizeInput
              aria-activedescendant="react-select-2--value"
              aria-expanded="false"
              aria-haspopup="false"
              aria-owns=""
              className="Select-input"
              injectStyles={true}
              minWidth="5"
              onBlur={[Function]}
              onChange={[Function]}
              onFocus={[Function]}
              required={false}
              role="combobox"
              value=""
            >
              <div
                className="Select-input"
                style={
                  Object {
                    "display": "inline-block",
                  }
                }
              >
                <input
                  aria-activedescendant="react-select-2--value"
                  aria-expanded="false"
                  aria-haspopup="false"
                  aria-owns=""
                  onBlur={[Function]}
                  onChange={[Function]}
                  onFocus={[Function]}
                  required={false}
                  role="combobox"
                  style={
                    Object {
                      "boxSizing": "content-box",
                      "width": "5px",
                    }
                  }
                  value=""
                />
                <div
                  style={
                    Object {
                      "height": 0,
                      "left": 0,
                      "overflow": "scroll",
                      "position": "absolute",
                      "top": 0,
                      "visibility": "hidden",
                      "whiteSpace": "pre",
                    }
                  }
                />
              </div>
            </AutosizeInput>
          </span>
          <span
            className="Select-arrow-zone"
            onMouseDown={[Function]}
          >
            <span
              className="Select-arrow"
              onMouseDown={[Function]}
            />
          </span>
        </div>
      </div>
    </Select>
  </div>
</SingleSelect>
`;
