// Jest Snapshot v1, https://goo.gl/fbAQLP

exports[`<BenefitList /> rendered correctly with a fixture 1`] = `
<BenefitList>
  <div
    className="outer"
  >
    <BenefitItem>
      <div
        className="outer"
      >
        <Tick
          className="tick"
          fill="currentColor"
          height={32}
          width={32}
        >
          <svg
            className="tick"
            fill="currentColor"
            height={32}
            viewBox="0 0 24 24"
            width={32}
          >
            <path
              d="M17.207 7.707a1 1 0 0 1 1.415 1.414l-7.998 8.003a1 1 0 0 1-1.414 0l-4.003-4.003a1 1 0 1 1 1.414-1.414l3.296 3.296 7.29-7.296z"
            />
          </svg>
        </Tick>
        <div
          className="content"
        >
          <em>
            Really good for this
          </em>
           in some truly amazing ways
        </div>
      </div>
    </BenefitItem>
    <BenefitItem>
      <div
        className="outer"
      >
        <Tick
          className="tick"
          fill="currentColor"
          height={32}
          width={32}
        >
          <svg
            className="tick"
            fill="currentColor"
            height={32}
            viewBox="0 0 24 24"
            width={32}
          >
            <path
              d="M17.207 7.707a1 1 0 0 1 1.415 1.414l-7.998 8.003a1 1 0 0 1-1.414 0l-4.003-4.003a1 1 0 1 1 1.414-1.414l3.296 3.296 7.29-7.296z"
            />
          </svg>
        </Tick>
        <div
          className="content"
        >
          <em>
            Really good for this
          </em>
           in some truly amazing ways
        </div>
      </div>
    </BenefitItem>
    <BenefitItem>
      <div
        className="outer"
      >
        <Tick
          className="tick"
          fill="currentColor"
          height={32}
          width={32}
        >
          <svg
            className="tick"
            fill="currentColor"
            height={32}
            viewBox="0 0 24 24"
            width={32}
          >
            <path
              d="M17.207 7.707a1 1 0 0 1 1.415 1.414l-7.998 8.003a1 1 0 0 1-1.414 0l-4.003-4.003a1 1 0 1 1 1.414-1.414l3.296 3.296 7.29-7.296z"
            />
          </svg>
        </Tick>
        <div
          className="content"
        >
          <em>
            Really good for this
          </em>
           in some truly amazing ways
        </div>
      </div>
    </BenefitItem>
    <BenefitItem>
      <div
        className="outer"
      >
        <Tick
          className="tick"
          fill="currentColor"
          height={32}
          width={32}
        >
          <svg
            className="tick"
            fill="currentColor"
            height={32}
            viewBox="0 0 24 24"
            width={32}
          >
            <path
              d="M17.207 7.707a1 1 0 0 1 1.415 1.414l-7.998 8.003a1 1 0 0 1-1.414 0l-4.003-4.003a1 1 0 1 1 1.414-1.414l3.296 3.296 7.29-7.296z"
            />
          </svg>
        </Tick>
        <div
          className="content"
        >
          <em>
            Really good for this
          </em>
           in some truly amazing ways
        </div>
      </div>
    </BenefitItem>
    <BenefitItem>
      <div
        className="outer"
      >
        <Tick
          className="tick"
          fill="currentColor"
          height={32}
          width={32}
        >
          <svg
            className="tick"
            fill="currentColor"
            height={32}
            viewBox="0 0 24 24"
            width={32}
          >
            <path
              d="M17.207 7.707a1 1 0 0 1 1.415 1.414l-7.998 8.003a1 1 0 0 1-1.414 0l-4.003-4.003a1 1 0 1 1 1.414-1.414l3.296 3.296 7.29-7.296z"
            />
          </svg>
        </Tick>
        <div
          className="content"
        >
          <em>
            Really good for this
          </em>
           in some truly amazing ways
        </div>
      </div>
    </BenefitItem>
    <BenefitItem>
      <div
        className="outer"
      >
        <Tick
          className="tick"
          fill="currentColor"
          height={32}
          width={32}
        >
          <svg
            className="tick"
            fill="currentColor"
            height={32}
            viewBox="0 0 24 24"
            width={32}
          >
            <path
              d="M17.207 7.707a1 1 0 0 1 1.415 1.414l-7.998 8.003a1 1 0 0 1-1.414 0l-4.003-4.003a1 1 0 1 1 1.414-1.414l3.296 3.296 7.29-7.296z"
            />
          </svg>
        </Tick>
        <div
          className="content"
        >
          <em>
            Really good for this
          </em>
           in some truly amazing ways
        </div>
      </div>
    </BenefitItem>
    <BenefitItem>
      <div
        className="outer"
      >
        <Tick
          className="tick"
          fill="currentColor"
          height={32}
          width={32}
        >
          <svg
            className="tick"
            fill="currentColor"
            height={32}
            viewBox="0 0 24 24"
            width={32}
          >
            <path
              d="M17.207 7.707a1 1 0 0 1 1.415 1.414l-7.998 8.003a1 1 0 0 1-1.414 0l-4.003-4.003a1 1 0 1 1 1.414-1.414l3.296 3.296 7.29-7.296z"
            />
          </svg>
        </Tick>
        <div
          className="content"
        >
          <em>
            Really good for this
          </em>
           in some truly amazing ways
        </div>
      </div>
    </BenefitItem>
  </div>
</BenefitList>
`;
