// Jest Snapshot v1, https://goo.gl/fbAQLP

exports[`anonymous 1`] = `
<LoadingScreen>
  <div
    className="loadingContainer"
  >
    <div
      className="pulseButton"
    />
    <div
      className="pulseButton2"
    >
      <HealthEngine
        className="loadingIcon"
      >
        <svg
          className="loadingIcon"
          viewBox="0 0 48 38"
        >
          <path
            d="M12.908 32.745a5.692 5.692 0 0 0 5.67 5.17 5.692 5.692 0 0 0 5.672-5.17V25.16H12.908v7.585zM24.25 6.216A5.687 5.687 0 0 0 21.575.859a5.7 5.7 0 0 0-5.992 0 5.687 5.687 0 0 0-2.675 5.357v7.585H24.25V6.216z"
            fill="#5BC0C9"
          />
          <path
            d="M37.118 25.141h-5.695v7.585a5.692 5.692 0 0 0 5.671 5.17 5.692 5.692 0 0 0 5.671-5.17V19.452a5.692 5.692 0 0 1-5.647 5.69z"
            fill="#C6E400"
          />
          <path
            d="M37.118.546a5.692 5.692 0 0 0-5.695 5.689v7.585h5.695a5.692 5.692 0 0 1 5.694 5.69V6.234A5.692 5.692 0 0 0 37.118.546z"
            fill="#C6E400"
          />
          <path
            d="M5.296 13.82a5.691 5.691 0 0 0-5.175 5.665 5.691 5.691 0 0 0 5.175 5.666h7.593V13.82H5.296zM24.25 13.82h7.2v11.33h-7.2z"
            fill="#2B4B5A"
          />
          <path
            d="M12.908 13.82H24.25v11.33H12.908z"
            fill="#008EC8"
          />
          <path
            d="M37.528 13.82h-6.095v11.321h6.495c2.91-.292 4.726-2.739 4.926-5.66 0-2.922-2.016-5.369-4.926-5.66h-.4z"
            fill="#48B400"
          />
        </svg>
      </HealthEngine>
    </div>
  </div>
</LoadingScreen>
`;
