// Jest Snapshot v1, https://goo.gl/fbAQLP

exports[`anonymous 1`] = `
<Heading
  h1={true}
  h2={false}
  h3={false}
  h4={false}
  nav={false}
>
  <h1
    className="heading h1"
  >
    Heading
  </h1>
</Heading>
`;
